2024-12-05 22:40:35,777 - INFO - Starting the power consumption prediction pipeline
2024-12-05 22:40:35,780 - INFO - Created necessary directories
2024-12-05 22:40:35,781 - INFO - Loading data...
2024-12-05 22:40:35,784 - ERROR - An error occurred: [Errno 2] No such file or directory: '../data/power_usage_2016_to_2020.csv'
Traceback (most recent call last):
  File "D:\Github\energy_prediction\main.py", line 37, in main
    power_data, weather_data = data_processor.load_data()
                               ^^^^^^^^^^^^^^^^^^^^^^^^^^
  File "D:\Github\energy_prediction\src\data_processor.py", line 15, in load_data
    power_data = pd.read_csv('../data/power_usage_2016_to_2020.csv')
                 ^^^^^^^^^^^^^^^^^^^^^^^^^^^^^^^^^^^^^^^^^^^^^^^^^^^
  File "D:\spark\venv\Lib\site-packages\pandas\io\parsers\readers.py", line 1026, in read_csv
    return _read(filepath_or_buffer, kwds)
           ^^^^^^^^^^^^^^^^^^^^^^^^^^^^^^^
  File "D:\spark\venv\Lib\site-packages\pandas\io\parsers\readers.py", line 620, in _read
    parser = TextFileReader(filepath_or_buffer, **kwds)
             ^^^^^^^^^^^^^^^^^^^^^^^^^^^^^^^^^^^^^^^^^^
  File "D:\spark\venv\Lib\site-packages\pandas\io\parsers\readers.py", line 1620, in __init__
    self._engine = self._make_engine(f, self.engine)
                   ^^^^^^^^^^^^^^^^^^^^^^^^^^^^^^^^^
  File "D:\spark\venv\Lib\site-packages\pandas\io\parsers\readers.py", line 1880, in _make_engine
    self.handles = get_handle(
                   ^^^^^^^^^^^
  File "D:\spark\venv\Lib\site-packages\pandas\io\common.py", line 873, in get_handle
    handle = open(
             ^^^^^
FileNotFoundError: [Errno 2] No such file or directory: '../data/power_usage_2016_to_2020.csv'
2024-12-05 22:41:39,191 - INFO - Starting the power consumption prediction pipeline
2024-12-05 22:41:39,193 - INFO - Created necessary directories
2024-12-05 22:41:39,193 - INFO - Loading data...
2024-12-05 22:41:39,195 - ERROR - An error occurred: [Errno 2] No such file or directory: '../data/power_usage_2016_to_2020.csv'
Traceback (most recent call last):
  File "D:\Github\energy_prediction\main.py", line 37, in main
    power_data, weather_data = data_processor.load_data()
                               ^^^^^^^^^^^^^^^^^^^^^^^^^^
  File "D:\Github\energy_prediction\src\data_processor.py", line 15, in load_data
    power_data = pd.read_csv('../data/power_usage_2016_to_2020.csv')
                 ^^^^^^^^^^^^^^^^^^^^^^^^^^^^^^^^^^^^^^^^^^^^^^^^^^^
  File "D:\spark\venv\Lib\site-packages\pandas\io\parsers\readers.py", line 1026, in read_csv
    return _read(filepath_or_buffer, kwds)
           ^^^^^^^^^^^^^^^^^^^^^^^^^^^^^^^
  File "D:\spark\venv\Lib\site-packages\pandas\io\parsers\readers.py", line 620, in _read
    parser = TextFileReader(filepath_or_buffer, **kwds)
             ^^^^^^^^^^^^^^^^^^^^^^^^^^^^^^^^^^^^^^^^^^
  File "D:\spark\venv\Lib\site-packages\pandas\io\parsers\readers.py", line 1620, in __init__
    self._engine = self._make_engine(f, self.engine)
                   ^^^^^^^^^^^^^^^^^^^^^^^^^^^^^^^^^
  File "D:\spark\venv\Lib\site-packages\pandas\io\parsers\readers.py", line 1880, in _make_engine
    self.handles = get_handle(
                   ^^^^^^^^^^^
  File "D:\spark\venv\Lib\site-packages\pandas\io\common.py", line 873, in get_handle
    handle = open(
             ^^^^^
FileNotFoundError: [Errno 2] No such file or directory: '../data/power_usage_2016_to_2020.csv'
2024-12-05 22:43:08,428 - INFO - Starting the power consumption prediction pipeline
2024-12-05 22:43:08,429 - INFO - Created necessary directories
2024-12-05 22:43:08,430 - INFO - Loading data...
2024-12-05 22:43:08,431 - ERROR - An error occurred: [Errno 2] No such file or directory: '../data/power_usage_2016_to_2020.csv'
Traceback (most recent call last):
  File "D:\Github\energy_prediction\main.py", line 37, in main
    power_data, weather_data = data_processor.load_data()
                               ^^^^^^^^^^^^^^^^^^^^^^^^^^
  File "D:\Github\energy_prediction\src\data_processor.py", line 15, in load_data
    power_data = pd.read_csv('../data/power_usage_2016_to_2020.csv')
                 ^^^^^^^^^^^^^^^^^^^^^^^^^^^^^^^^^^^^^^^^^^^^^^^^^^^
  File "D:\spark\venv\Lib\site-packages\pandas\io\parsers\readers.py", line 1026, in read_csv
    return _read(filepath_or_buffer, kwds)
           ^^^^^^^^^^^^^^^^^^^^^^^^^^^^^^^
  File "D:\spark\venv\Lib\site-packages\pandas\io\parsers\readers.py", line 620, in _read
    parser = TextFileReader(filepath_or_buffer, **kwds)
             ^^^^^^^^^^^^^^^^^^^^^^^^^^^^^^^^^^^^^^^^^^
  File "D:\spark\venv\Lib\site-packages\pandas\io\parsers\readers.py", line 1620, in __init__
    self._engine = self._make_engine(f, self.engine)
                   ^^^^^^^^^^^^^^^^^^^^^^^^^^^^^^^^^
  File "D:\spark\venv\Lib\site-packages\pandas\io\parsers\readers.py", line 1880, in _make_engine
    self.handles = get_handle(
                   ^^^^^^^^^^^
  File "D:\spark\venv\Lib\site-packages\pandas\io\common.py", line 873, in get_handle
    handle = open(
             ^^^^^
FileNotFoundError: [Errno 2] No such file or directory: '../data/power_usage_2016_to_2020.csv'
2024-12-05 22:44:43,931 - INFO - Starting the power consumption prediction pipeline
2024-12-05 22:44:43,932 - INFO - Created necessary directories
2024-12-05 22:44:43,933 - INFO - Loading data...
2024-12-05 22:44:44,010 - ERROR - An error occurred: Passing PeriodDtype data is invalid. Use `data.to_timestamp()` instead
Traceback (most recent call last):
  File "D:\Github\energy_prediction\main.py", line 38, in main
    merged_data = data_processor.merge_data(power_data, weather_data)
                  ^^^^^^^^^^^^^^^^^^^^^^^^^^^^^^^^^^^^^^^^^^^^^^^^^^^
  File "D:\Github\energy_prediction\src\data_processor.py", line 33, in merge_data
    power_data['StartDate'] = pd.to_datetime(power_data['StartDate'])
                              ^^^^^^^^^^^^^^^^^^^^^^^^^^^^^^^^^^^^^^^
  File "D:\spark\venv\Lib\site-packages\pandas\core\tools\datetimes.py", line 1067, in to_datetime
    values = convert_listlike(arg._values, format)
             ^^^^^^^^^^^^^^^^^^^^^^^^^^^^^^^^^^^^^
  File "D:\spark\venv\Lib\site-packages\pandas\core\tools\datetimes.py", line 416, in _convert_listlike_datetimes
    arg, _ = maybe_convert_dtype(arg, copy=False, tz=libtimezones.maybe_get_tz(tz))
             ^^^^^^^^^^^^^^^^^^^^^^^^^^^^^^^^^^^^^^^^^^^^^^^^^^^^^^^^^^^^^^^^^^^^^^
  File "D:\spark\venv\Lib\site-packages\pandas\core\arrays\datetimes.py", line 2466, in maybe_convert_dtype
    raise TypeError(
TypeError: Passing PeriodDtype data is invalid. Use `data.to_timestamp()` instead
2024-12-05 22:50:12,459 - INFO - Starting the power consumption prediction pipeline
2024-12-05 22:50:12,460 - INFO - Created necessary directories
2024-12-05 22:50:12,461 - INFO - Loading data...
2024-12-05 22:50:12,462 - ERROR - An error occurred: [Errno 2] No such file or directory: '../data/power_usage_2016_to_2020.csv'
Traceback (most recent call last):
  File "D:\Github\energy_prediction\main.py", line 37, in main
    power_data, weather_data = data_processor.load_data()
                               ^^^^^^^^^^^^^^^^^^^^^^^^^^
  File "D:\Github\energy_prediction\src\data_processor.py", line 16, in load_data
    power_data = pd.read_csv('../data/power_usage_2016_to_2020.csv')
                 ^^^^^^^^^^^^^^^^^^^^^^^^^^^^^^^^^^^^^^^^^^^^^^^^^^^
  File "D:\spark\venv\Lib\site-packages\pandas\io\parsers\readers.py", line 1026, in read_csv
    return _read(filepath_or_buffer, kwds)
           ^^^^^^^^^^^^^^^^^^^^^^^^^^^^^^^
  File "D:\spark\venv\Lib\site-packages\pandas\io\parsers\readers.py", line 620, in _read
    parser = TextFileReader(filepath_or_buffer, **kwds)
             ^^^^^^^^^^^^^^^^^^^^^^^^^^^^^^^^^^^^^^^^^^
  File "D:\spark\venv\Lib\site-packages\pandas\io\parsers\readers.py", line 1620, in __init__
    self._engine = self._make_engine(f, self.engine)
                   ^^^^^^^^^^^^^^^^^^^^^^^^^^^^^^^^^
  File "D:\spark\venv\Lib\site-packages\pandas\io\parsers\readers.py", line 1880, in _make_engine
    self.handles = get_handle(
                   ^^^^^^^^^^^
  File "D:\spark\venv\Lib\site-packages\pandas\io\common.py", line 873, in get_handle
    handle = open(
             ^^^^^
FileNotFoundError: [Errno 2] No such file or directory: '../data/power_usage_2016_to_2020.csv'
2024-12-05 22:50:34,449 - INFO - Starting the power consumption prediction pipeline
2024-12-05 22:50:34,449 - INFO - Created necessary directories
2024-12-05 22:50:34,450 - INFO - Loading data...
2024-12-05 22:50:34,595 - INFO - Loaded data with shape: (35952, 23)
2024-12-05 22:50:34,596 - INFO - Engineering features...
2024-12-05 22:50:34,617 - ERROR - An error occurred: 'Watts'
Traceback (most recent call last):
  File "D:\spark\venv\Lib\site-packages\pandas\core\indexes\base.py", line 3805, in get_loc
    return self._engine.get_loc(casted_key)
           ^^^^^^^^^^^^^^^^^^^^^^^^^^^^^^^^
  File "index.pyx", line 167, in pandas._libs.index.IndexEngine.get_loc
  File "index.pyx", line 196, in pandas._libs.index.IndexEngine.get_loc
  File "pandas\\_libs\\hashtable_class_helper.pxi", line 7081, in pandas._libs.hashtable.PyObjectHashTable.get_item
  File "pandas\\_libs\\hashtable_class_helper.pxi", line 7089, in pandas._libs.hashtable.PyObjectHashTable.get_item
KeyError: 'Watts'

The above exception was the direct cause of the following exception:

Traceback (most recent call last):
  File "D:\Github\energy_prediction\main.py", line 43, in main
    processed_data = feature_engineer.create_features(merged_data)
                     ^^^^^^^^^^^^^^^^^^^^^^^^^^^^^^^^^^^^^^^^^^^^^
  File "D:\Github\energy_prediction\src\feature_engineer.py", line 23, in create_features
    df['rolling_mean_24h'] = df['Watts'].rolling(window=24).mean()
                             ~~^^^^^^^^^
  File "D:\spark\venv\Lib\site-packages\pandas\core\frame.py", line 4102, in __getitem__
    indexer = self.columns.get_loc(key)
              ^^^^^^^^^^^^^^^^^^^^^^^^^
  File "D:\spark\venv\Lib\site-packages\pandas\core\indexes\base.py", line 3812, in get_loc
    raise KeyError(key) from err
KeyError: 'Watts'
2024-12-05 22:59:53,379 - INFO - Starting the power consumption prediction pipeline
2024-12-05 22:59:53,380 - INFO - Created necessary directories
2024-12-05 22:59:53,381 - INFO - Loading data...
2024-12-05 22:59:53,383 - ERROR - An error occurred: [Errno 2] No such file or directory: '../data/power_usage_2016_to_2020.csv'
Traceback (most recent call last):
  File "D:\Github\energy_prediction\main.py", line 37, in main
    power_data, weather_data = data_processor.load_data()
                               ^^^^^^^^^^^^^^^^^^^^^^^^^^
  File "D:\Github\energy_prediction\src\data_processor.py", line 16, in load_data
    power_data = pd.read_csv('../data/power_usage_2016_to_2020.csv')
                 ^^^^^^^^^^^^^^^^^^^^^^^^^^^^^^^^^^^^^^^^^^^^^^^^^^^
  File "D:\spark\venv\Lib\site-packages\pandas\io\parsers\readers.py", line 1026, in read_csv
    return _read(filepath_or_buffer, kwds)
           ^^^^^^^^^^^^^^^^^^^^^^^^^^^^^^^
  File "D:\spark\venv\Lib\site-packages\pandas\io\parsers\readers.py", line 620, in _read
    parser = TextFileReader(filepath_or_buffer, **kwds)
             ^^^^^^^^^^^^^^^^^^^^^^^^^^^^^^^^^^^^^^^^^^
  File "D:\spark\venv\Lib\site-packages\pandas\io\parsers\readers.py", line 1620, in __init__
    self._engine = self._make_engine(f, self.engine)
                   ^^^^^^^^^^^^^^^^^^^^^^^^^^^^^^^^^
  File "D:\spark\venv\Lib\site-packages\pandas\io\parsers\readers.py", line 1880, in _make_engine
    self.handles = get_handle(
                   ^^^^^^^^^^^
  File "D:\spark\venv\Lib\site-packages\pandas\io\common.py", line 873, in get_handle
    handle = open(
             ^^^^^
FileNotFoundError: [Errno 2] No such file or directory: '../data/power_usage_2016_to_2020.csv'
2024-12-05 23:00:11,915 - INFO - Starting the power consumption prediction pipeline
2024-12-05 23:00:11,916 - INFO - Created necessary directories
2024-12-05 23:00:11,917 - INFO - Loading data...
2024-12-05 23:00:12,087 - INFO - Loaded data with shape: (0, 23)
2024-12-05 23:00:12,088 - INFO - Engineering features...
2024-12-05 23:00:12,099 - ERROR - An error occurred: Found array with 0 sample(s) (shape=(0, 1)) while a minimum of 1 is required by MinMaxScaler.
Traceback (most recent call last):
  File "D:\Github\energy_prediction\main.py", line 44, in main
    scaled_data = feature_engineer.scale_features(processed_data)
                  ^^^^^^^^^^^^^^^^^^^^^^^^^^^^^^^^^^^^^^^^^^^^^^^
  File "D:\Github\energy_prediction\src\feature_engineer.py", line 63, in scale_features
    df[feature] = self.scalers[feature].fit_transform(
                  ^^^^^^^^^^^^^^^^^^^^^^^^^^^^^^^^^^^^
  File "D:\spark\venv\Lib\site-packages\sklearn\utils\_set_output.py", line 313, in wrapped
    data_to_wrap = f(self, X, *args, **kwargs)
                   ^^^^^^^^^^^^^^^^^^^^^^^^^^^
  File "D:\spark\venv\Lib\site-packages\sklearn\base.py", line 1098, in fit_transform
    return self.fit(X, **fit_params).transform(X)
           ^^^^^^^^^^^^^^^^^^^^^^^^^
  File "D:\spark\venv\Lib\site-packages\sklearn\preprocessing\_data.py", line 450, in fit
    return self.partial_fit(X, y)
           ^^^^^^^^^^^^^^^^^^^^^^
  File "D:\spark\venv\Lib\site-packages\sklearn\base.py", line 1473, in wrapper
    return fit_method(estimator, *args, **kwargs)
           ^^^^^^^^^^^^^^^^^^^^^^^^^^^^^^^^^^^^^^
  File "D:\spark\venv\Lib\site-packages\sklearn\preprocessing\_data.py", line 490, in partial_fit
    X = self._validate_data(
        ^^^^^^^^^^^^^^^^^^^^
  File "D:\spark\venv\Lib\site-packages\sklearn\base.py", line 633, in _validate_data
    out = check_array(X, input_name="X", **check_params)
          ^^^^^^^^^^^^^^^^^^^^^^^^^^^^^^^^^^^^^^^^^^^^^^
  File "D:\spark\venv\Lib\site-packages\sklearn\utils\validation.py", line 1087, in check_array
    raise ValueError(
ValueError: Found array with 0 sample(s) (shape=(0, 1)) while a minimum of 1 is required by MinMaxScaler.
2024-12-05 23:07:07,627 - INFO - Starting the power consumption prediction pipeline
2024-12-05 23:07:07,628 - INFO - Current working directory: D:\Github\energy_prediction
2024-12-05 23:07:07,628 - INFO - Files in data directory: ['power_usage_2016_to_2020.csv', 'weather_2016_2020_daily.csv']
2024-12-05 23:07:07,630 - INFO - Created necessary directories
2024-12-05 23:07:07,631 - INFO - Loading data...
2024-12-05 23:07:07,969 - ERROR - Value error: Power data is empty or None
Traceback (most recent call last):
  File "D:\Github\energy_prediction\main.py", line 54, in main
    validate_data(power_data, "Power data")
  File "D:\Github\energy_prediction\main.py", line 28, in validate_data
    raise ValueError(f"{name} is empty or None")
ValueError: Power data is empty or None
2024-12-05 23:08:29,553 - INFO - Starting the power consumption prediction pipeline
2024-12-05 23:08:29,554 - INFO - Current working directory: D:\Github\energy_prediction
2024-12-05 23:08:29,554 - INFO - Files in data directory: ['power_usage_2016_to_2020.csv', 'weather_2016_2020_daily.csv']
2024-12-05 23:08:29,555 - INFO - Created necessary directories
2024-12-05 23:08:29,555 - INFO - Loading data...
2024-12-05 23:08:34,196 - INFO - Power data shape: (35952, 4)
2024-12-05 23:08:34,196 - INFO - Power data columns: ['StartDate', 'Value (kWh)', 'day_of_week', 'notes']
2024-12-05 23:08:34,197 - INFO - Weather data shape: (1552, 19)
2024-12-05 23:08:34,197 - INFO - Weather data columns: ['Date', 'Day', 'Temp_max', 'Temp_avg', 'Temp_min', 'Dew_max', 'Dew_avg', 'Dew_min', 'Hum_max', 'Hum_avg', 'Hum_min', 'Wind_max', 'Wind_avg', 'Wind_min', 'Press_max', 'Press_avg', 'Press_min', 'Precipit', 'day_of_week']
2024-12-05 23:08:34,274 - INFO - Merged data shape: (35952, 23)
2024-12-05 23:08:34,275 - INFO - Engineering features...
2024-12-05 23:08:34,323 - INFO - Processed data shape before scaling: (35928, 35)
2024-12-05 23:08:34,328 - INFO - Processed data shape after scaling: (35928, 35)
2024-12-05 23:08:34,328 - INFO - Preparing sequences...
2024-12-05 23:08:34,330 - ERROR - An unexpected error occurred: 'Watts'
Traceback (most recent call last):
  File "D:\spark\venv\Lib\site-packages\pandas\core\indexes\base.py", line 3805, in get_loc
    return self._engine.get_loc(casted_key)
           ^^^^^^^^^^^^^^^^^^^^^^^^^^^^^^^^
  File "index.pyx", line 167, in pandas._libs.index.IndexEngine.get_loc
  File "index.pyx", line 196, in pandas._libs.index.IndexEngine.get_loc
  File "pandas\\_libs\\hashtable_class_helper.pxi", line 7081, in pandas._libs.hashtable.PyObjectHashTable.get_item
  File "pandas\\_libs\\hashtable_class_helper.pxi", line 7089, in pandas._libs.hashtable.PyObjectHashTable.get_item
KeyError: 'Watts'

The above exception was the direct cause of the following exception:

Traceback (most recent call last):
  File "D:\Github\energy_prediction\main.py", line 80, in main
    X, y = feature_engineer.prepare_sequences(scaled_data)
           ^^^^^^^^^^^^^^^^^^^^^^^^^^^^^^^^^^^^^^^^^^^^^^^
  File "D:\Github\energy_prediction\src\feature_engineer.py", line 84, in prepare_sequences
    target = df.iloc[i + sequence_length]['Watts']
             ~~~~~~~~~~~~~~~~~~~~~~~~~~~~^^^^^^^^^
  File "D:\spark\venv\Lib\site-packages\pandas\core\series.py", line 1121, in __getitem__
    return self._get_value(key)
           ^^^^^^^^^^^^^^^^^^^^
  File "D:\spark\venv\Lib\site-packages\pandas\core\series.py", line 1237, in _get_value
    loc = self.index.get_loc(label)
          ^^^^^^^^^^^^^^^^^^^^^^^^^
  File "D:\spark\venv\Lib\site-packages\pandas\core\indexes\base.py", line 3812, in get_loc
    raise KeyError(key) from err
KeyError: 'Watts'
2024-12-05 23:43:52,735 - INFO - Loading data...
2024-12-05 23:43:52,841 - INFO - Power data shape: (35952, 4)
2024-12-05 23:43:52,846 - INFO - Weather data shape: (1552, 19)
2024-12-05 23:43:52,846 - INFO - Merging data...
2024-12-05 23:43:52,889 - INFO - Merged data shape: (35952, 24)
2024-12-05 23:43:52,889 - INFO - Engineering features...
2024-12-05 23:43:52,889 - ERROR - An error occurred: 'FeatureEngineer' object has no attribute 'process_features'
2024-12-05 23:44:50,493 - INFO - Loading data...
2024-12-05 23:44:50,638 - INFO - Power data shape: (35952, 4)
2024-12-05 23:44:50,638 - INFO - Weather data shape: (1552, 19)
2024-12-05 23:44:50,638 - INFO - Merging data...
2024-12-05 23:44:50,701 - INFO - Merged data shape: (35952, 24)
2024-12-05 23:44:50,703 - INFO - Engineering features...
2024-12-05 23:44:50,839 - INFO - Feature engineering completed. Shape: (35922, 39)
2024-12-05 23:44:51,018 - INFO - Training model...
2024-12-05 23:45:06,004 - INFO - Epoch 1/50 - Train Loss: 0.8300 - Val Loss: 1.1787
2024-12-05 23:45:21,064 - INFO - Epoch 2/50 - Train Loss: 0.8198 - Val Loss: 1.1771
2024-12-05 23:45:41,625 - INFO - Epoch 3/50 - Train Loss: 0.8100 - Val Loss: 1.1758
2024-12-05 23:45:57,453 - INFO - Epoch 4/50 - Train Loss: 0.7988 - Val Loss: 1.2742
2024-12-05 23:46:08,938 - INFO - Epoch 5/50 - Train Loss: 0.7649 - Val Loss: 1.0499
2024-12-05 23:46:22,792 - INFO - Epoch 6/50 - Train Loss: 0.6936 - Val Loss: 0.9449
2024-12-05 23:46:37,002 - INFO - Epoch 7/50 - Train Loss: 0.6286 - Val Loss: 0.9557
2024-12-05 23:46:53,286 - INFO - Epoch 8/50 - Train Loss: 0.5876 - Val Loss: 0.9844
2024-12-05 23:47:07,768 - INFO - Epoch 9/50 - Train Loss: 0.5698 - Val Loss: 0.9409
2024-12-05 23:47:28,202 - INFO - Epoch 10/50 - Train Loss: 0.5523 - Val Loss: 1.0228
2024-12-05 23:47:44,578 - INFO - Epoch 11/50 - Train Loss: 0.5380 - Val Loss: 0.9495
2024-12-05 23:47:59,062 - INFO - Epoch 12/50 - Train Loss: 0.5256 - Val Loss: 0.9585
2024-12-05 23:48:14,395 - INFO - Epoch 13/50 - Train Loss: 0.5175 - Val Loss: 1.0238
2024-12-05 23:48:28,803 - INFO - Epoch 14/50 - Train Loss: 0.5129 - Val Loss: 0.9560
2024-12-05 23:48:42,799 - INFO - Epoch 15/50 - Train Loss: 0.4987 - Val Loss: 1.1411
2024-12-05 23:48:57,806 - INFO - Epoch 16/50 - Train Loss: 0.4890 - Val Loss: 1.0941
2024-12-05 23:49:12,098 - INFO - Epoch 17/50 - Train Loss: 0.4794 - Val Loss: 1.1396
2024-12-05 23:49:25,891 - INFO - Epoch 18/50 - Train Loss: 0.4697 - Val Loss: 1.2085
2024-12-05 23:49:39,482 - INFO - Epoch 19/50 - Train Loss: 0.4615 - Val Loss: 1.0097
2024-12-05 23:49:54,649 - INFO - Epoch 20/50 - Train Loss: 0.4561 - Val Loss: 1.1655
2024-12-05 23:50:08,661 - INFO - Epoch 21/50 - Train Loss: 0.4434 - Val Loss: 1.1030
2024-12-05 23:50:22,671 - INFO - Epoch 22/50 - Train Loss: 0.4353 - Val Loss: 1.0784
2024-12-05 23:50:36,289 - INFO - Epoch 23/50 - Train Loss: 0.4274 - Val Loss: 1.0641
2024-12-05 23:50:51,571 - INFO - Epoch 24/50 - Train Loss: 0.4168 - Val Loss: 1.1087
2024-12-05 23:51:05,597 - INFO - Epoch 25/50 - Train Loss: 0.4150 - Val Loss: 1.1422
2024-12-05 23:51:19,226 - INFO - Epoch 26/50 - Train Loss: 0.4127 - Val Loss: 1.0795
2024-12-05 23:51:34,122 - INFO - Epoch 27/50 - Train Loss: 0.4040 - Val Loss: 1.0706
2024-12-05 23:51:54,033 - INFO - Epoch 28/50 - Train Loss: 0.3960 - Val Loss: 1.1219
2024-12-05 23:52:10,095 - INFO - Epoch 29/50 - Train Loss: 0.3861 - Val Loss: 1.2292
2024-12-05 23:52:24,104 - INFO - Epoch 30/50 - Train Loss: 0.3862 - Val Loss: 1.1960
2024-12-05 23:52:38,380 - INFO - Epoch 31/50 - Train Loss: 0.3833 - Val Loss: 1.1636
2024-12-05 23:52:53,537 - INFO - Epoch 32/50 - Train Loss: 0.3685 - Val Loss: 1.1708
2024-12-05 23:53:07,981 - INFO - Epoch 33/50 - Train Loss: 0.3632 - Val Loss: 1.2231
2024-12-05 23:53:23,417 - INFO - Epoch 34/50 - Train Loss: 0.3608 - Val Loss: 1.3593
2024-12-05 23:53:39,292 - INFO - Epoch 35/50 - Train Loss: 0.3610 - Val Loss: 1.4309
2024-12-05 23:53:55,869 - INFO - Epoch 36/50 - Train Loss: 0.3527 - Val Loss: 1.2275
2024-12-05 23:54:12,222 - INFO - Epoch 37/50 - Train Loss: 0.3504 - Val Loss: 1.1763
2024-12-05 23:54:27,939 - INFO - Epoch 38/50 - Train Loss: 0.3376 - Val Loss: 1.3824
2024-12-05 23:54:45,671 - INFO - Epoch 39/50 - Train Loss: 0.3378 - Val Loss: 1.2598
2024-12-05 23:55:03,774 - INFO - Epoch 40/50 - Train Loss: 0.3286 - Val Loss: 1.2850
2024-12-05 23:55:19,670 - INFO - Epoch 41/50 - Train Loss: 0.3313 - Val Loss: 1.3753
2024-12-05 23:55:36,944 - INFO - Epoch 42/50 - Train Loss: 0.3161 - Val Loss: 1.3255
2024-12-05 23:55:50,790 - INFO - Epoch 43/50 - Train Loss: 0.3177 - Val Loss: 1.3228
2024-12-05 23:56:06,267 - INFO - Epoch 44/50 - Train Loss: 0.3156 - Val Loss: 1.3107
2024-12-05 23:56:21,403 - INFO - Epoch 45/50 - Train Loss: 0.3101 - Val Loss: 1.3108
2024-12-05 23:56:36,515 - INFO - Epoch 46/50 - Train Loss: 0.3129 - Val Loss: 1.2967
2024-12-05 23:56:53,445 - INFO - Epoch 47/50 - Train Loss: 0.3103 - Val Loss: 1.3975
2024-12-05 23:57:09,531 - INFO - Epoch 48/50 - Train Loss: 0.3011 - Val Loss: 1.3134
2024-12-05 23:57:23,471 - INFO - Epoch 49/50 - Train Loss: 0.2920 - Val Loss: 1.2300
2024-12-05 23:57:36,901 - INFO - Epoch 50/50 - Train Loss: 0.3024 - Val Loss: 1.3604
2024-12-05 23:57:38,052 - INFO - Training completed successfully!
2024-12-06 00:01:26,077 - INFO - Loading data...
2024-12-06 00:01:26,249 - INFO - Power data shape: (35952, 4)
2024-12-06 00:01:26,250 - INFO - Weather data shape: (1552, 19)
2024-12-06 00:01:26,251 - INFO - Merging data...
2024-12-06 00:01:26,321 - INFO - Merged data shape: (35952, 24)
2024-12-06 00:01:26,323 - INFO - Engineering features...
2024-12-06 00:01:26,435 - INFO - Feature engineering completed. Shape: (35922, 39)
2024-12-06 00:01:26,613 - INFO - Training model...
2024-12-06 00:01:41,669 - INFO - Epoch 1/50 - Train Loss: 0.8330 - Val Loss: 1.1759
2024-12-06 00:01:57,974 - INFO - Epoch 2/50 - Train Loss: 0.8167 - Val Loss: 1.1912
2024-12-06 00:02:12,002 - INFO - Epoch 3/50 - Train Loss: 0.8129 - Val Loss: 1.1703
2024-12-06 00:02:27,807 - INFO - Epoch 4/50 - Train Loss: 0.8055 - Val Loss: 1.1640
2024-12-06 00:02:43,567 - INFO - Epoch 5/50 - Train Loss: 0.7953 - Val Loss: 1.1316
2024-12-06 00:02:57,818 - INFO - Epoch 6/50 - Train Loss: 0.7772 - Val Loss: 1.3110
2024-12-06 00:03:14,172 - INFO - Epoch 7/50 - Train Loss: 0.7427 - Val Loss: 1.1328
2024-12-06 00:03:28,852 - INFO - Epoch 8/50 - Train Loss: 0.6926 - Val Loss: 1.0327
2024-12-06 00:03:48,053 - INFO - Epoch 9/50 - Train Loss: 0.6254 - Val Loss: 1.0522
2024-12-06 00:04:03,094 - INFO - Epoch 10/50 - Train Loss: 0.5885 - Val Loss: 0.8798
2024-12-06 00:04:18,424 - INFO - Epoch 11/50 - Train Loss: 0.5616 - Val Loss: 0.9661
2024-12-06 00:04:32,902 - INFO - Epoch 12/50 - Train Loss: 0.5389 - Val Loss: 1.0279
2024-12-06 00:04:53,804 - INFO - Epoch 13/50 - Train Loss: 0.5182 - Val Loss: 0.9597
2024-12-06 00:05:09,063 - INFO - Epoch 14/50 - Train Loss: 0.5034 - Val Loss: 1.0505
2024-12-06 00:05:24,496 - INFO - Epoch 15/50 - Train Loss: 0.4910 - Val Loss: 1.0020
2024-12-06 00:05:40,126 - INFO - Epoch 16/50 - Train Loss: 0.4774 - Val Loss: 1.0882
2024-12-06 00:05:56,551 - INFO - Epoch 17/50 - Train Loss: 0.4668 - Val Loss: 1.0790
2024-12-06 00:06:13,029 - INFO - Epoch 18/50 - Train Loss: 0.4596 - Val Loss: 1.1251
2024-12-06 00:06:30,185 - INFO - Epoch 19/50 - Train Loss: 0.4538 - Val Loss: 1.0424
2024-12-06 00:06:53,299 - INFO - Epoch 20/50 - Train Loss: 0.4442 - Val Loss: 1.1501
2024-12-06 00:07:10,527 - INFO - Epoch 21/50 - Train Loss: 0.4335 - Val Loss: 1.1897
2024-12-06 00:07:26,035 - INFO - Epoch 22/50 - Train Loss: 0.4182 - Val Loss: 1.2256
2024-12-06 00:07:40,252 - INFO - Epoch 23/50 - Train Loss: 0.4141 - Val Loss: 1.0481
2024-12-06 00:07:56,602 - INFO - Epoch 24/50 - Train Loss: 0.4083 - Val Loss: 1.0786
2024-12-06 00:08:14,986 - INFO - Epoch 25/50 - Train Loss: 0.4008 - Val Loss: 1.2846
2024-12-06 00:08:36,518 - INFO - Epoch 26/50 - Train Loss: 0.3877 - Val Loss: 1.1589
2024-12-06 00:08:57,306 - INFO - Epoch 27/50 - Train Loss: 0.3814 - Val Loss: 1.1016
2024-12-06 00:09:14,778 - INFO - Epoch 28/50 - Train Loss: 0.3859 - Val Loss: 1.1718
2024-12-06 00:09:34,205 - INFO - Epoch 29/50 - Train Loss: 0.3766 - Val Loss: 1.1563
2024-12-06 00:09:51,285 - INFO - Epoch 30/50 - Train Loss: 0.3655 - Val Loss: 1.3207
2024-12-06 00:10:09,824 - INFO - Epoch 31/50 - Train Loss: 0.3632 - Val Loss: 1.2573
2024-12-06 00:10:26,163 - INFO - Epoch 32/50 - Train Loss: 0.3570 - Val Loss: 1.2081
2024-12-06 00:10:41,887 - INFO - Epoch 33/50 - Train Loss: 0.3461 - Val Loss: 1.2219
2024-12-06 00:10:55,661 - INFO - Epoch 34/50 - Train Loss: 0.3483 - Val Loss: 1.1388
2024-12-06 00:11:10,995 - INFO - Epoch 35/50 - Train Loss: 0.3439 - Val Loss: 1.1668
2024-12-06 00:11:30,648 - INFO - Epoch 36/50 - Train Loss: 0.3326 - Val Loss: 1.2385
2024-12-06 00:11:46,863 - INFO - Epoch 37/50 - Train Loss: 0.3348 - Val Loss: 1.2788
2024-12-06 00:12:01,865 - INFO - Epoch 38/50 - Train Loss: 0.3283 - Val Loss: 1.3250
2024-12-06 00:12:16,566 - INFO - Epoch 39/50 - Train Loss: 0.3220 - Val Loss: 1.2738
2024-12-06 00:12:30,871 - INFO - Epoch 40/50 - Train Loss: 0.3150 - Val Loss: 1.3260
2024-12-06 00:12:46,579 - INFO - Epoch 41/50 - Train Loss: 0.3135 - Val Loss: 1.3258
2024-12-06 00:13:01,035 - INFO - Epoch 42/50 - Train Loss: 0.3089 - Val Loss: 1.3101
2024-12-06 00:13:15,740 - INFO - Epoch 43/50 - Train Loss: 0.3018 - Val Loss: 1.1900
2024-12-06 00:13:30,436 - INFO - Epoch 44/50 - Train Loss: 0.3016 - Val Loss: 1.2534
2024-12-06 00:13:45,753 - INFO - Epoch 45/50 - Train Loss: 0.3002 - Val Loss: 1.2450
2024-12-06 00:14:00,191 - INFO - Epoch 46/50 - Train Loss: 0.2988 - Val Loss: 1.2149
2024-12-06 00:14:14,914 - INFO - Epoch 47/50 - Train Loss: 0.2868 - Val Loss: 1.1965
2024-12-06 00:14:29,259 - INFO - Epoch 48/50 - Train Loss: 0.2845 - Val Loss: 1.2235
2024-12-06 00:14:44,144 - INFO - Epoch 49/50 - Train Loss: 0.2783 - Val Loss: 1.2616
2024-12-06 00:14:59,115 - INFO - Epoch 50/50 - Train Loss: 0.2812 - Val Loss: 1.2422
2024-12-06 00:14:59,831 - INFO - Evaluating model...
2024-12-06 00:15:01,147 - INFO - Test Results:
2024-12-06 00:15:01,148 - INFO - RMSE: 0.61
2024-12-06 00:15:01,149 - INFO - MAE: 0.36
2024-12-06 00:15:01,149 - INFO - R² Score: 0.2574
2024-12-06 00:15:01,150 - INFO - Plotting results...
2024-12-06 00:15:01,738 - INFO - Process completed successfully!
2024-12-06 00:21:30,648 - INFO - Loading data...
2024-12-06 00:21:30,723 - INFO - Power data shape: (35952, 4)
2024-12-06 00:21:30,724 - INFO - Weather data shape: (1552, 19)
2024-12-06 00:21:30,724 - INFO - Merging data...
2024-12-06 00:21:30,750 - INFO - Merged data shape: (35952, 24)
2024-12-06 00:21:30,750 - INFO - Engineering features...
2024-12-06 00:21:30,799 - ERROR - Error in feature engineering: 'Power'
2024-12-06 00:21:30,800 - ERROR - An error occurred: 'Power'
2024-12-06 00:24:37,208 - INFO - Loading data...
2024-12-06 00:24:37,326 - INFO - Power data shape: (35952, 4)
2024-12-06 00:24:37,327 - INFO - Weather data shape: (1552, 19)
2024-12-06 00:24:37,327 - INFO - Merging data...
2024-12-06 00:24:37,370 - INFO - Merged data shape: (35952, 24)
2024-12-06 00:24:37,371 - INFO - Data columns available:
2024-12-06 00:24:37,372 - INFO - ['key_0', 'StartDate', 'Value (kWh)', 'day_of_week_x', 'notes', 'Date', 'Day', 'Temp_max', 'Temp_avg', 'Temp_min', 'Dew_max', 'Dew_avg', 'Dew_min', 'Hum_max', 'Hum_avg', 'Hum_min', 'Wind_max', 'Wind_avg', 'Wind_min', 'Press_max', 'Press_avg', 'Press_min', 'Precipit', 'day_of_week_y']
2024-12-06 00:24:37,374 - INFO - Engineering features...
2024-12-06 00:24:37,375 - INFO - Initial DataFrame shape: (35952, 24)
2024-12-06 00:24:37,375 - INFO - Initial columns: ['key_0', 'StartDate', 'Value (kWh)', 'day_of_week_x', 'notes', 'Date', 'Day', 'Temp_max', 'Temp_avg', 'Temp_min', 'Dew_max', 'Dew_avg', 'Dew_min', 'Hum_max', 'Hum_avg', 'Hum_min', 'Wind_max', 'Wind_avg', 'Wind_min', 'Press_max', 'Press_avg', 'Press_min', 'Precipit', 'day_of_week_y']
2024-12-06 00:24:37,377 - INFO - Available columns: ['key_0', 'StartDate', 'Value (kWh)', 'day_of_week_x', 'notes', 'Date', 'Day', 'Temp_max', 'Temp_avg', 'Temp_min', 'Dew_max', 'Dew_avg', 'Dew_min', 'Hum_max', 'Hum_avg', 'Hum_min', 'Wind_max', 'Wind_avg', 'Wind_min', 'Press_max', 'Press_avg', 'Press_min', 'Precipit', 'day_of_week_y']
2024-12-06 00:24:37,379 - ERROR - Error in creating lag features: "Target column 'power_consumption' not found in DataFrame"
2024-12-06 00:24:37,380 - ERROR - Error in feature engineering: "Target column 'power_consumption' not found in DataFrame"
2024-12-06 00:24:37,382 - ERROR - An error occurred: "Target column 'power_consumption' not found in DataFrame"
2024-12-06 00:26:10,563 - INFO - Loading data...
2024-12-06 00:26:10,645 - INFO - Power data shape: (35952, 4)
2024-12-06 00:26:10,646 - INFO - Weather data shape: (1552, 19)
2024-12-06 00:26:10,646 - INFO - Merging data...
2024-12-06 00:26:10,688 - INFO - Merged data shape: (35952, 24)
2024-12-06 00:26:10,689 - INFO - Data columns available:
2024-12-06 00:26:10,690 - INFO - ['key_0', 'StartDate', 'Value (kWh)', 'day_of_week_x', 'notes', 'Date', 'Day', 'Temp_max', 'Temp_avg', 'Temp_min', 'Dew_max', 'Dew_avg', 'Dew_min', 'Hum_max', 'Hum_avg', 'Hum_min', 'Wind_max', 'Wind_avg', 'Wind_min', 'Press_max', 'Press_avg', 'Press_min', 'Precipit', 'day_of_week_y']
2024-12-06 00:26:10,691 - INFO - Engineering features...
2024-12-06 00:26:10,691 - INFO - Initial DataFrame shape: (35952, 24)
2024-12-06 00:26:10,778 - INFO - Final columns: ['StartDate', 'Value (kWh)', 'Date', 'Day', 'Temp_max', 'Temp_avg', 'Temp_min', 'Dew_max', 'Dew_avg', 'Dew_min', 'Hum_max', 'Hum_avg', 'Hum_min', 'Wind_max', 'Wind_avg', 'Wind_min', 'Press_max', 'Press_avg', 'Press_min', 'Precipit', 'hour', 'day', 'month', 'year', 'day_of_week', 'is_weekend', 'lag_1', 'lag_2', 'lag_3', 'lag_24', 'rolling_mean_6', 'rolling_std_6', 'rolling_mean_12', 'rolling_std_12', 'rolling_mean_24', 'rolling_std_24']
2024-12-06 00:26:10,779 - INFO - Feature engineering completed. Shape: (35928, 36)
2024-12-06 00:26:10,780 - ERROR - Error preparing data: 'weather_features'
2024-12-06 00:26:10,781 - ERROR - An error occurred: 'weather_features'
2024-12-06 00:29:43,622 - INFO - Loading data...
2024-12-06 00:29:43,664 - INFO - Power data shape: (35952, 4)
2024-12-06 00:29:43,664 - INFO - Weather data shape: (1552, 19)
2024-12-06 00:29:43,665 - INFO - Merging data...
2024-12-06 00:29:43,665 - ERROR - Error merging data: 'Date'
2024-12-06 00:29:43,666 - ERROR - An error occurred: 'Date'
2024-12-06 01:23:35,792 - INFO - Loading data...
2024-12-06 01:23:35,884 - INFO - Power data shape: (35952, 4)
2024-12-06 01:23:35,884 - INFO - Weather data shape: (1552, 19)
2024-12-06 01:23:35,884 - INFO - Merging data...
2024-12-06 01:23:35,920 - INFO - Merged data shape: (35952, 24)
2024-12-06 01:23:35,921 - INFO - Engineering features...
2024-12-06 01:23:35,984 - INFO - Feature engineering completed. Shape: (35922, 39)
2024-12-06 01:23:36,100 - INFO - Training model...
2024-12-06 01:24:01,698 - INFO - Epoch 1/50 - Train Loss: 0.8318 - Val Loss: 1.1752
2024-12-06 01:24:27,728 - INFO - Epoch 2/50 - Train Loss: 0.8212 - Val Loss: 1.1815
2024-12-06 01:24:45,335 - INFO - Epoch 3/50 - Train Loss: 0.8163 - Val Loss: 1.1656
2024-12-06 01:25:02,870 - INFO - Epoch 4/50 - Train Loss: 0.8024 - Val Loss: 1.1468
2024-12-06 01:25:25,397 - INFO - Epoch 5/50 - Train Loss: 0.7705 - Val Loss: 1.0928
2024-12-06 01:25:44,901 - INFO - Epoch 6/50 - Train Loss: 0.7245 - Val Loss: 1.1362
2024-12-06 01:26:09,799 - INFO - Epoch 7/50 - Train Loss: 0.6734 - Val Loss: 1.0010
2024-12-06 01:26:34,111 - INFO - Epoch 8/50 - Train Loss: 0.6256 - Val Loss: 0.9743
2024-12-06 01:26:55,992 - INFO - Epoch 9/50 - Train Loss: 0.5789 - Val Loss: 1.1295
2024-12-06 01:27:17,435 - INFO - Epoch 10/50 - Train Loss: 0.5616 - Val Loss: 1.0381
2024-12-06 01:27:38,299 - INFO - Epoch 11/50 - Train Loss: 0.5464 - Val Loss: 0.9705
2024-12-06 01:28:00,887 - INFO - Epoch 12/50 - Train Loss: 0.5303 - Val Loss: 1.0113
2024-12-06 01:28:22,797 - INFO - Epoch 13/50 - Train Loss: 0.5190 - Val Loss: 1.0111
2024-12-06 01:28:41,394 - INFO - Epoch 14/50 - Train Loss: 0.5079 - Val Loss: 1.0599
2024-12-06 01:29:00,657 - INFO - Epoch 15/50 - Train Loss: 0.4986 - Val Loss: 1.1201
2024-12-06 01:29:17,672 - INFO - Epoch 16/50 - Train Loss: 0.4881 - Val Loss: 1.1015
2024-12-06 01:29:34,706 - INFO - Epoch 17/50 - Train Loss: 0.4769 - Val Loss: 1.0034
2024-12-06 01:29:56,403 - INFO - Epoch 18/50 - Train Loss: 0.4668 - Val Loss: 1.1463
2024-12-06 01:30:15,716 - INFO - Epoch 19/50 - Train Loss: 0.4565 - Val Loss: 1.0415
2024-12-06 01:30:33,693 - INFO - Epoch 20/50 - Train Loss: 0.4555 - Val Loss: 1.0966
2024-12-06 01:30:50,695 - INFO - Epoch 21/50 - Train Loss: 0.4382 - Val Loss: 1.0882
2024-12-06 01:31:07,811 - INFO - Epoch 22/50 - Train Loss: 0.4310 - Val Loss: 1.1237
2024-12-06 01:31:24,978 - INFO - Epoch 23/50 - Train Loss: 0.4262 - Val Loss: 1.1920
2024-12-06 01:31:46,637 - INFO - Epoch 24/50 - Train Loss: 0.4275 - Val Loss: 1.1139
2024-12-06 01:32:04,132 - INFO - Epoch 25/50 - Train Loss: 0.4120 - Val Loss: 1.2913
2024-12-06 01:32:22,882 - INFO - Epoch 26/50 - Train Loss: 0.4039 - Val Loss: 1.2098
2024-12-06 01:32:39,182 - INFO - Epoch 27/50 - Train Loss: 0.4013 - Val Loss: 1.1064
2024-12-06 01:32:57,212 - INFO - Epoch 28/50 - Train Loss: 0.3904 - Val Loss: 1.1170
2024-12-06 01:33:14,530 - INFO - Epoch 29/50 - Train Loss: 0.3845 - Val Loss: 1.1221
2024-12-06 01:33:32,292 - INFO - Epoch 30/50 - Train Loss: 0.3768 - Val Loss: 1.0791
2024-12-06 01:33:49,826 - INFO - Epoch 31/50 - Train Loss: 0.3738 - Val Loss: 1.2122
2024-12-06 01:34:05,865 - INFO - Epoch 32/50 - Train Loss: 0.3609 - Val Loss: 1.1929
2024-12-06 01:34:23,409 - INFO - Epoch 33/50 - Train Loss: 0.3621 - Val Loss: 1.2466
2024-12-06 01:34:40,734 - INFO - Epoch 34/50 - Train Loss: 0.3600 - Val Loss: 1.2282
2024-12-06 01:34:59,953 - INFO - Epoch 35/50 - Train Loss: 0.3642 - Val Loss: 1.2171
2024-12-06 01:35:15,443 - INFO - Epoch 36/50 - Train Loss: 0.3476 - Val Loss: 1.2075
2024-12-06 01:35:30,851 - INFO - Epoch 37/50 - Train Loss: 0.3380 - Val Loss: 1.4181
2024-12-06 01:35:49,222 - INFO - Epoch 38/50 - Train Loss: 0.3396 - Val Loss: 1.1515
2024-12-06 01:36:08,133 - INFO - Epoch 39/50 - Train Loss: 0.3325 - Val Loss: 1.3101
2024-12-06 01:36:29,416 - INFO - Epoch 40/50 - Train Loss: 0.3292 - Val Loss: 1.1604
2024-12-06 01:36:50,218 - INFO - Epoch 41/50 - Train Loss: 0.3330 - Val Loss: 1.1444
2024-12-06 01:37:08,386 - INFO - Epoch 42/50 - Train Loss: 0.3183 - Val Loss: 1.1897
2024-12-06 01:37:25,778 - INFO - Epoch 43/50 - Train Loss: 0.3193 - Val Loss: 1.3144
2024-12-06 01:37:41,909 - INFO - Epoch 44/50 - Train Loss: 0.3104 - Val Loss: 1.2595
2024-12-06 01:38:00,221 - INFO - Epoch 45/50 - Train Loss: 0.2947 - Val Loss: 1.3790
2024-12-06 01:38:19,434 - INFO - Epoch 46/50 - Train Loss: 0.3111 - Val Loss: 1.1606
2024-12-06 01:38:36,989 - INFO - Epoch 47/50 - Train Loss: 0.3001 - Val Loss: 1.1114
2024-12-06 01:38:56,576 - INFO - Epoch 48/50 - Train Loss: 0.2968 - Val Loss: 1.2302
2024-12-06 01:39:13,606 - INFO - Epoch 49/50 - Train Loss: 0.2943 - Val Loss: 1.2236
2024-12-06 01:39:31,114 - INFO - Epoch 50/50 - Train Loss: 0.2884 - Val Loss: 1.2692
2024-12-06 01:39:31,640 - INFO - Evaluating model...
2024-12-06 01:39:32,762 - INFO - Test Results:
2024-12-06 01:39:32,763 - INFO - RMSE: 0.62
2024-12-06 01:39:32,764 - INFO - MAE: 0.37
2024-12-06 01:39:32,765 - INFO - R² Score: 0.2122
2024-12-06 01:39:32,766 - INFO - Plotting results...
2024-12-06 01:39:33,540 - INFO - Process completed successfully!
